// Jest Snapshot v1, https://goo.gl/fbAQLP

exports[`test matches snapshot 1`] = `
<div
  className="homepage-wrapper"
>
  <div
    className="search-wrapper"
  >
    <div
      className="search-bg flex"
    >
      <div
        className="left-bg bg-black"
      />
      <div
        className="right-bg bg-red-500"
      />
    </div>
    <div
      className="container-wrapper"
    >
      <div
        className="section fade-in-bottom"
      >
        <div
          className="left-section"
        >
          <div
            className="search-with-heading"
          >
            <h1
              className="text-white text-5xl md:text-3x1 font-bold py-10 leading-tight"
            >
              The  Best Place 
              <br />
              To Find Your
              <br />
              Office Space
            </h1>
            <form
              onSubmit={[Function]}
            >
              <div
                className="search-input-wrapper shadow-new bg-white rounded flex justify-between"
              >
                <input
                  name="search"
                  onChange={[Function]}
                  placeholder="Start your search..."
                  required={true}
                  type="text"
                  value={null}
                />
                <a
                  href="/search"
                  onClick={[Function]}
                >
                  <button
                    className="
            btn-wrapper
        bg-red-500 text-white border-2 border-red-500 hover:bg-red-500 hover:shadow-sm active:bg-red-800 active:shadow-sm active:text-white
        false
        false
        false
        undefined
        px-6 py-1.5 font-medium rounded shadow-md transition duration-150 ease-in-out  whitespace-nowrap cursor-pointer"
                    data-testid="button"
                    type="submit"
                  >
                    Search
                  </button>
                </a>
              </div>
            </form>
          </div>
        </div>
        <div
          className="right-section"
        >
          <img
            alt=""
            src="/assets/images/search-section.png"
          />
        </div>
      </div>
    </div>
  </div>
  <div
    className="black-background"
  >
    <div
      className="property-list-wrapper"
    >
      <div
        className="popular-properties-section"
      >
        <h1
          className="text-black text-2xl font-bold py-10 leading-tight  "
        >
          Popular Properties
        </h1>
        <div
          className="property-list"
        />
      </div>
    </div>
  </div>
  <div
    className="add-your-space-section flex flex-col items-center text-center"
  >
    <h1
      className="text-white text-3xl font-bold leading-tight mb-5"
    >
      List Your Own Space
    </h1>
    <p
      className="text-gray-300 mb-10"
    >
      More people use sharedspace.com to discover coworking spaces than 
      <br />
      all the other platforms combined.
    </p>
    <button
      className="
            btn-wrapper
        bg-red-500 text-white border-2 border-red-500 hover:bg-red-500 hover:shadow-sm active:bg-red-800 active:shadow-sm active:text-white
        false
        false
        false
        undefined
        px-6 py-1.5 font-medium rounded shadow-md transition duration-150 ease-in-out  whitespace-nowrap cursor-pointer"
      data-testid="button"
      onClick={[Function]}
    >
      Start Now
    </button>
  </div>
  <div
    className="footer text-center"
    data-testid="footer"
  >
    <div
      className="footer-with-menu border-t-2 border-gray-700 py-10"
    >
      <div
        className="left"
      >
        <img
          alt=""
          className="logo"
          src="/assets/images/logo.png"
        />
      </div>
      <div
        className="right"
      >
        <nav
          className="right-menu"
        >
          <a
            className="rounded-lg pl-10 py-2 text-slate-700 font-medium hover:text-slate-100 transition duration-150 ease-in-out "
            href="/"
            onClick={[Function]}
          >
            Home
          </a>
          <a
            className="rounded-lg pl-10 py-2 text-slate-700 font-medium hover:text-slate-100 transition duration-150 ease-in-out "
            href="/search"
            onClick={[Function]}
          >
            Explore
          </a>
          <a
            className="rounded-lg pl-10 py-2 text-slate-700 font-medium hover:text-slate-100 transition duration-150 ease-in-out "
            href="/"
            onClick={[Function]}
          >
            About
          </a>
          <a
            className="rounded-lg pl-10 py-2 text-slate-700 font-medium hover:text-slate-100 transition duration-150 ease-in-out "
            href="/"
            onClick={[Function]}
          >
            Contact
          </a>
        </nav>
      </div>
    </div>
    <p
      className="text-gray-700"
    >
      SharedSpace | copyright Â© 2022
    </p>
  </div>
</div>
`;
