// Jest Snapshot v1, https://goo.gl/fbAQLP

exports[`test matches snapshot 1`] = `
<div
  className="footer text-center"
  data-testid="footer"
>
  <div
    className="footer-with-menu border-t-2 border-gray-700 py-10"
  >
    <div
      className="left"
    >
      <img
        alt=""
        className="logo"
        src="/assets/images/logo.png"
      />
    </div>
    <div
      className="right"
    >
      <nav
        className="right-menu"
      >
        <a
          className="rounded-lg pl-10 py-2 text-slate-700 font-medium hover:text-slate-100 transition duration-150 ease-in-out "
          href="/"
          onClick={[Function]}
        >
          Home
        </a>
        <a
          className="rounded-lg pl-10 py-2 text-slate-700 font-medium hover:text-slate-100 transition duration-150 ease-in-out "
          href="/search"
          onClick={[Function]}
        >
          Explore
        </a>
        <a
          className="rounded-lg pl-10 py-2 text-slate-700 font-medium hover:text-slate-100 transition duration-150 ease-in-out "
          href="/"
          onClick={[Function]}
        >
          About
        </a>
        <a
          className="rounded-lg pl-10 py-2 text-slate-700 font-medium hover:text-slate-100 transition duration-150 ease-in-out "
          href="/"
          onClick={[Function]}
        >
          Contact
        </a>
      </nav>
    </div>
  </div>
  <p
    className="text-gray-700"
  >
    SharedSpace | copyright Â© 2022
  </p>
</div>
`;
